<?xml version="1.0" encoding="UTF-8"?><testsuites time="0"><testsuite name="Index shows the placeholder by default" tests="0" failures="0" errors="0" time="0" timestamp="2017-12-09T18:30:47.522Z" package="./screenshot-test/index.screenshot.test"><system-out><![CDATA[]]></system-out></testsuite><testsuite name="Index shows the first smile even if there is just one" tests="0" failures="0" errors="0" time="0" timestamp="2017-12-09T18:30:47.523Z" package="./screenshot-test/index.screenshot.test"><system-out><![CDATA[]]></system-out></testsuite></testsuites>